{
  "commands": [
    [
      "/Users/admin/miniconda3/envs/nb-ramen/bin/python3.11",
      "/Users/admin/Documents/NB-Ramen/src/main.py",
      "--dataset",
      "CIFAR100C",
      "--model",
      "clip_vitbase16",
      "--tta_algo",
      "NoAdapt",
      "--tta_mode",
      "mixed",
      "--batch_size",
      "50",
      "--seed",
      "0",
      "--stream_mode",
      "block",
      "--stream_seed",
      "0",
      "--device",
      "mps",
      "--data_root",
      "/Users/admin/data",
      "--config",
      "/Users/admin/Documents/NB-Ramen/cfg",
      "--evidence_dir",
      "/Users/admin/Documents/NB-Ramen/evidence/causal-ramen-completion-mps-block-n64-v2",
      "--run_id",
      "cifar100c-block-seed-0-noadapt-dev-mps-n64-bs-50-blk-8-cfg-a05da3c15a1d-prov-fast-data-6dbea801cbad",
      "--save_to",
      "/Users/admin/Documents/NB-Ramen/evidence/causal-ramen-completion-mps-block-n64-v2/cifar100c-block-seed-0-noadapt-dev-mps-n64-bs-50-blk-8-cfg-a05da3c15a1d-prov-fast-data-6dbea801cbad/results.csv",
      "--metric_window_size",
      "50",
      "--metric_window_stride",
      "50",
      "--artifact-provenance",
      "fast",
      "--max-eval-samples",
      "64",
      "--stream_block_size",
      "8"
    ],
    [
      "/Users/admin/miniconda3/envs/nb-ramen/bin/python3.11",
      "/Users/admin/Documents/NB-Ramen/src/main.py",
      "--dataset",
      "CIFAR100C",
      "--model",
      "clip_vitbase16",
      "--tta_algo",
      "Ramen",
      "--tta_mode",
      "mixed",
      "--batch_size",
      "50",
      "--seed",
      "0",
      "--stream_mode",
      "block",
      "--stream_seed",
      "0",
      "--device",
      "mps",
      "--data_root",
      "/Users/admin/data",
      "--config",
      "/Users/admin/Documents/NB-Ramen/cfg",
      "--evidence_dir",
      "/Users/admin/Documents/NB-Ramen/evidence/causal-ramen-completion-mps-block-n64-v2",
      "--run_id",
      "cifar100c-block-seed-0-ramen-dev-mps-n64-bs-50-blk-8-cfg-54c124be79a3-prov-fast-data-6dbea801cbad",
      "--save_to",
      "/Users/admin/Documents/NB-Ramen/evidence/causal-ramen-completion-mps-block-n64-v2/cifar100c-block-seed-0-ramen-dev-mps-n64-bs-50-blk-8-cfg-54c124be79a3-prov-fast-data-6dbea801cbad/results.csv",
      "--metric_window_size",
      "50",
      "--metric_window_stride",
      "50",
      "--artifact-provenance",
      "fast",
      "--max-eval-samples",
      "64",
      "--stream_block_size",
      "8",
      "--reference_trace",
      "/Users/admin/Documents/NB-Ramen/evidence/causal-ramen-completion-mps-block-n64-v2/cifar100c-block-seed-0-noadapt-dev-mps-n64-bs-50-blk-8-cfg-a05da3c15a1d-prov-fast-data-6dbea801cbad/trace.jsonl"
    ],
    [
      "/Users/admin/miniconda3/envs/nb-ramen/bin/python3.11",
      "/Users/admin/Documents/NB-Ramen/src/main.py",
      "--dataset",
      "CIFAR100C",
      "--model",
      "clip_vitbase16",
      "--tta_algo",
      "StructuredAtomicRamen",
      "--tta_mode",
      "mixed",
      "--batch_size",
      "50",
      "--seed",
      "0",
      "--stream_mode",
      "block",
      "--stream_seed",
      "0",
      "--device",
      "mps",
      "--data_root",
      "/Users/admin/data",
      "--config",
      "/Users/admin/Documents/NB-Ramen/cfg",
      "--evidence_dir",
      "/Users/admin/Documents/NB-Ramen/evidence/causal-ramen-completion-mps-block-n64-v2",
      "--run_id",
      "cifar100c-block-seed-0-structuredatomicramen-dev-mps-n64-bs-50-blk-8-cfg-491d76737805-prov-fast-data-6dbea801cbad",
      "--save_to",
      "/Users/admin/Documents/NB-Ramen/evidence/causal-ramen-completion-mps-block-n64-v2/cifar100c-block-seed-0-structuredatomicramen-dev-mps-n64-bs-50-blk-8-cfg-491d76737805-prov-fast-data-6dbea801cbad/results.csv",
      "--metric_window_size",
      "50",
      "--metric_window_stride",
      "50",
      "--artifact-provenance",
      "fast",
      "--max-eval-samples",
      "64",
      "--stream_block_size",
      "8",
      "--reference_trace",
      "/Users/admin/Documents/NB-Ramen/evidence/causal-ramen-completion-mps-block-n64-v2/cifar100c-block-seed-0-noadapt-dev-mps-n64-bs-50-blk-8-cfg-a05da3c15a1d-prov-fast-data-6dbea801cbad/trace.jsonl"
    ],
    [
      "/Users/admin/miniconda3/envs/nb-ramen/bin/python3.11",
      "/Users/admin/Documents/NB-Ramen/src/main.py",
      "--dataset",
      "CIFAR100C",
      "--model",
      "clip_vitbase16",
      "--tta_algo",
      "CausalRamen",
      "--tta_mode",
      "mixed",
      "--batch_size",
      "50",
      "--seed",
      "0",
      "--stream_mode",
      "block",
      "--stream_seed",
      "0",
      "--device",
      "mps",
      "--data_root",
      "/Users/admin/data",
      "--config",
      "/Users/admin/Documents/NB-Ramen/cfg",
      "--evidence_dir",
      "/Users/admin/Documents/NB-Ramen/evidence/causal-ramen-completion-mps-block-n64-v2",
      "--run_id",
      "cifar100c-block-seed-0-causalramen-dev-mps-n64-bs-50-blk-8-cfg-491d76737805-prov-fast-data-6dbea801cbad",
      "--save_to",
      "/Users/admin/Documents/NB-Ramen/evidence/causal-ramen-completion-mps-block-n64-v2/cifar100c-block-seed-0-causalramen-dev-mps-n64-bs-50-blk-8-cfg-491d76737805-prov-fast-data-6dbea801cbad/results.csv",
      "--metric_window_size",
      "50",
      "--metric_window_stride",
      "50",
      "--artifact-provenance",
      "fast",
      "--max-eval-samples",
      "64",
      "--stream_block_size",
      "8",
      "--reference_trace",
      "/Users/admin/Documents/NB-Ramen/evidence/causal-ramen-completion-mps-block-n64-v2/cifar100c-block-seed-0-noadapt-dev-mps-n64-bs-50-blk-8-cfg-a05da3c15a1d-prov-fast-data-6dbea801cbad/trace.jsonl"
    ]
  ],
  "execute": true,
  "outcomes": [
    {
      "run_id": "cifar100c-block-seed-0-noadapt-dev-mps-n64-bs-50-blk-8-cfg-a05da3c15a1d-prov-fast-data-6dbea801cbad",
      "status": "skipped"
    },
    {
      "run_id": "cifar100c-block-seed-0-ramen-dev-mps-n64-bs-50-blk-8-cfg-54c124be79a3-prov-fast-data-6dbea801cbad",
      "status": "skipped"
    },
    {
      "run_id": "cifar100c-block-seed-0-structuredatomicramen-dev-mps-n64-bs-50-blk-8-cfg-491d76737805-prov-fast-data-6dbea801cbad",
      "status": "skipped"
    },
    {
      "run_id": "cifar100c-block-seed-0-causalramen-dev-mps-n64-bs-50-blk-8-cfg-491d76737805-prov-fast-data-6dbea801cbad",
      "status": "skipped"
    }
  ],
  "runs": [
    {
      "artifact_provenance": "fast",
      "batch_size": 50,
      "config_data": {
        "lr": 1e-09,
        "optimizer": "signsgd"
      },
      "config_dir": "/Users/admin/Documents/NB-Ramen/cfg",
      "config_hash": "a05da3c15a1d",
      "config_path": "/Users/admin/Documents/NB-Ramen/cfg/default/NoAdapt.yaml",
      "data_root": "/Users/admin/data",
      "dataset": "CIFAR100C",
      "device": "mps",
      "evidence_dir": "/Users/admin/Documents/NB-Ramen/evidence/causal-ramen-completion-mps-block-n64-v2",
      "max_eval_samples": 64,
      "method": "NoAdapt",
      "metric_window_size": 50,
      "metric_window_stride": 50,
      "model": "clip_vitbase16",
      "reference_trace": null,
      "run_dir": "/Users/admin/Documents/NB-Ramen/evidence/causal-ramen-completion-mps-block-n64-v2/cifar100c-block-seed-0-noadapt-dev-mps-n64-bs-50-blk-8-cfg-a05da3c15a1d-prov-fast-data-6dbea801cbad",
      "run_id": "cifar100c-block-seed-0-noadapt-dev-mps-n64-bs-50-blk-8-cfg-a05da3c15a1d-prov-fast-data-6dbea801cbad",
      "seed": 0,
      "stream_block_size": 8,
      "stream_mode": "block"
    },
    {
      "artifact_provenance": "fast",
      "batch_size": 50,
      "config_data": {
        "beta": 5.0,
        "lr": 0.01,
        "max_capacity": 750,
        "optimizer": "signsgd",
        "topk": 5
      },
      "config_dir": "/Users/admin/Documents/NB-Ramen/cfg",
      "config_hash": "54c124be79a3",
      "config_path": "/Users/admin/Documents/NB-Ramen/cfg/CIFAR100C/Ramen.yaml",
      "data_root": "/Users/admin/data",
      "dataset": "CIFAR100C",
      "device": "mps",
      "evidence_dir": "/Users/admin/Documents/NB-Ramen/evidence/causal-ramen-completion-mps-block-n64-v2",
      "max_eval_samples": 64,
      "method": "Ramen",
      "metric_window_size": 50,
      "metric_window_stride": 50,
      "model": "clip_vitbase16",
      "reference_trace": "/Users/admin/Documents/NB-Ramen/evidence/causal-ramen-completion-mps-block-n64-v2/cifar100c-block-seed-0-noadapt-dev-mps-n64-bs-50-blk-8-cfg-a05da3c15a1d-prov-fast-data-6dbea801cbad/trace.jsonl",
      "run_dir": "/Users/admin/Documents/NB-Ramen/evidence/causal-ramen-completion-mps-block-n64-v2/cifar100c-block-seed-0-ramen-dev-mps-n64-bs-50-blk-8-cfg-54c124be79a3-prov-fast-data-6dbea801cbad",
      "run_id": "cifar100c-block-seed-0-ramen-dev-mps-n64-bs-50-blk-8-cfg-54c124be79a3-prov-fast-data-6dbea801cbad",
      "seed": 0,
      "stream_block_size": 8,
      "stream_mode": "block"
    },
    {
      "artifact_provenance": "fast",
      "batch_size": 50,
      "config_data": {
        "beta": 5.0,
        "capacity_scope": "per_class",
        "include_current": true,
        "lr": 0.01,
        "max_capacity": 750,
        "optimizer": "signsgd",
        "topk": 5
      },
      "config_dir": "/Users/admin/Documents/NB-Ramen/cfg",
      "config_hash": "491d76737805",
      "config_path": "/Users/admin/Documents/NB-Ramen/cfg/CIFAR100C/StructuredAtomicRamen.yaml",
      "data_root": "/Users/admin/data",
      "dataset": "CIFAR100C",
      "device": "mps",
      "evidence_dir": "/Users/admin/Documents/NB-Ramen/evidence/causal-ramen-completion-mps-block-n64-v2",
      "max_eval_samples": 64,
      "method": "StructuredAtomicRamen",
      "metric_window_size": 50,
      "metric_window_stride": 50,
      "model": "clip_vitbase16",
      "reference_trace": "/Users/admin/Documents/NB-Ramen/evidence/causal-ramen-completion-mps-block-n64-v2/cifar100c-block-seed-0-noadapt-dev-mps-n64-bs-50-blk-8-cfg-a05da3c15a1d-prov-fast-data-6dbea801cbad/trace.jsonl",
      "run_dir": "/Users/admin/Documents/NB-Ramen/evidence/causal-ramen-completion-mps-block-n64-v2/cifar100c-block-seed-0-structuredatomicramen-dev-mps-n64-bs-50-blk-8-cfg-491d76737805-prov-fast-data-6dbea801cbad",
      "run_id": "cifar100c-block-seed-0-structuredatomicramen-dev-mps-n64-bs-50-blk-8-cfg-491d76737805-prov-fast-data-6dbea801cbad",
      "seed": 0,
      "stream_block_size": 8,
      "stream_mode": "block"
    },
    {
      "artifact_provenance": "fast",
      "batch_size": 50,
      "config_data": {
        "beta": 5.0,
        "capacity_scope": "per_class",
        "include_current": true,
        "lr": 0.01,
        "max_capacity": 750,
        "optimizer": "signsgd",
        "topk": 5
      },
      "config_dir": "/Users/admin/Documents/NB-Ramen/cfg",
      "config_hash": "491d76737805",
      "config_path": "/Users/admin/Documents/NB-Ramen/cfg/CIFAR100C/CausalRamen.yaml",
      "data_root": "/Users/admin/data",
      "dataset": "CIFAR100C",
      "device": "mps",
      "evidence_dir": "/Users/admin/Documents/NB-Ramen/evidence/causal-ramen-completion-mps-block-n64-v2",
      "max_eval_samples": 64,
      "method": "CausalRamen",
      "metric_window_size": 50,
      "metric_window_stride": 50,
      "model": "clip_vitbase16",
      "reference_trace": "/Users/admin/Documents/NB-Ramen/evidence/causal-ramen-completion-mps-block-n64-v2/cifar100c-block-seed-0-noadapt-dev-mps-n64-bs-50-blk-8-cfg-a05da3c15a1d-prov-fast-data-6dbea801cbad/trace.jsonl",
      "run_dir": "/Users/admin/Documents/NB-Ramen/evidence/causal-ramen-completion-mps-block-n64-v2/cifar100c-block-seed-0-causalramen-dev-mps-n64-bs-50-blk-8-cfg-491d76737805-prov-fast-data-6dbea801cbad",
      "run_id": "cifar100c-block-seed-0-causalramen-dev-mps-n64-bs-50-blk-8-cfg-491d76737805-prov-fast-data-6dbea801cbad",
      "seed": 0,
      "stream_block_size": 8,
      "stream_mode": "block"
    }
  ]
}
resume_exit=0
