{
  "commands": [
    [
      "/Users/admin/miniconda3/envs/nb-ramen/bin/python3.11",
      "/Users/admin/Documents/NB-Ramen/src/main.py",
      "--dataset",
      "CIFAR100C",
      "--model",
      "clip_vitbase16",
      "--tta_algo",
      "NoAdapt",
      "--tta_mode",
      "mixed",
      "--batch_size",
      "4",
      "--seed",
      "0",
      "--stream_mode",
      "block",
      "--stream_seed",
      "0",
      "--device",
      "cpu",
      "--data_root",
      "/Users/admin/data",
      "--config",
      "/Users/admin/Documents/NB-Ramen/cfg/smoke",
      "--evidence_dir",
      "/Users/admin/Documents/NB-Ramen/evidence/causal-ramen-completion-cpu-smoke-v2",
      "--run_id",
      "cifar100c-block-seed-0-noadapt-dev-cpu-n4-bs-4-blk-4-cfg-98584622153d-prov-fast-data-6dbea801cbad",
      "--save_to",
      "/Users/admin/Documents/NB-Ramen/evidence/causal-ramen-completion-cpu-smoke-v2/cifar100c-block-seed-0-noadapt-dev-cpu-n4-bs-4-blk-4-cfg-98584622153d-prov-fast-data-6dbea801cbad/results.csv",
      "--metric_window_size",
      "4",
      "--metric_window_stride",
      "4",
      "--artifact-provenance",
      "fast",
      "--max-eval-samples",
      "4",
      "--stream_block_size",
      "4"
    ],
    [
      "/Users/admin/miniconda3/envs/nb-ramen/bin/python3.11",
      "/Users/admin/Documents/NB-Ramen/src/main.py",
      "--dataset",
      "CIFAR100C",
      "--model",
      "clip_vitbase16",
      "--tta_algo",
      "Ramen",
      "--tta_mode",
      "mixed",
      "--batch_size",
      "4",
      "--seed",
      "0",
      "--stream_mode",
      "block",
      "--stream_seed",
      "0",
      "--device",
      "cpu",
      "--data_root",
      "/Users/admin/data",
      "--config",
      "/Users/admin/Documents/NB-Ramen/cfg/smoke",
      "--evidence_dir",
      "/Users/admin/Documents/NB-Ramen/evidence/causal-ramen-completion-cpu-smoke-v2",
      "--run_id",
      "cifar100c-block-seed-0-ramen-dev-cpu-n4-bs-4-blk-4-cfg-7098bd868b96-prov-fast-data-6dbea801cbad",
      "--save_to",
      "/Users/admin/Documents/NB-Ramen/evidence/causal-ramen-completion-cpu-smoke-v2/cifar100c-block-seed-0-ramen-dev-cpu-n4-bs-4-blk-4-cfg-7098bd868b96-prov-fast-data-6dbea801cbad/results.csv",
      "--metric_window_size",
      "4",
      "--metric_window_stride",
      "4",
      "--artifact-provenance",
      "fast",
      "--max-eval-samples",
      "4",
      "--stream_block_size",
      "4",
      "--reference_trace",
      "/Users/admin/Documents/NB-Ramen/evidence/causal-ramen-completion-cpu-smoke-v2/cifar100c-block-seed-0-noadapt-dev-cpu-n4-bs-4-blk-4-cfg-98584622153d-prov-fast-data-6dbea801cbad/trace.jsonl"
    ],
    [
      "/Users/admin/miniconda3/envs/nb-ramen/bin/python3.11",
      "/Users/admin/Documents/NB-Ramen/src/main.py",
      "--dataset",
      "CIFAR100C",
      "--model",
      "clip_vitbase16",
      "--tta_algo",
      "StructuredAtomicRamen",
      "--tta_mode",
      "mixed",
      "--batch_size",
      "4",
      "--seed",
      "0",
      "--stream_mode",
      "block",
      "--stream_seed",
      "0",
      "--device",
      "cpu",
      "--data_root",
      "/Users/admin/data",
      "--config",
      "/Users/admin/Documents/NB-Ramen/cfg/smoke",
      "--evidence_dir",
      "/Users/admin/Documents/NB-Ramen/evidence/causal-ramen-completion-cpu-smoke-v2",
      "--run_id",
      "cifar100c-block-seed-0-structuredatomicramen-dev-cpu-n4-bs-4-blk-4-cfg-e238b33d10cb-prov-fast-data-6dbea801cbad",
      "--save_to",
      "/Users/admin/Documents/NB-Ramen/evidence/causal-ramen-completion-cpu-smoke-v2/cifar100c-block-seed-0-structuredatomicramen-dev-cpu-n4-bs-4-blk-4-cfg-e238b33d10cb-prov-fast-data-6dbea801cbad/results.csv",
      "--metric_window_size",
      "4",
      "--metric_window_stride",
      "4",
      "--artifact-provenance",
      "fast",
      "--max-eval-samples",
      "4",
      "--stream_block_size",
      "4",
      "--reference_trace",
      "/Users/admin/Documents/NB-Ramen/evidence/causal-ramen-completion-cpu-smoke-v2/cifar100c-block-seed-0-noadapt-dev-cpu-n4-bs-4-blk-4-cfg-98584622153d-prov-fast-data-6dbea801cbad/trace.jsonl"
    ],
    [
      "/Users/admin/miniconda3/envs/nb-ramen/bin/python3.11",
      "/Users/admin/Documents/NB-Ramen/src/main.py",
      "--dataset",
      "CIFAR100C",
      "--model",
      "clip_vitbase16",
      "--tta_algo",
      "CausalRamen",
      "--tta_mode",
      "mixed",
      "--batch_size",
      "4",
      "--seed",
      "0",
      "--stream_mode",
      "block",
      "--stream_seed",
      "0",
      "--device",
      "cpu",
      "--data_root",
      "/Users/admin/data",
      "--config",
      "/Users/admin/Documents/NB-Ramen/cfg/smoke",
      "--evidence_dir",
      "/Users/admin/Documents/NB-Ramen/evidence/causal-ramen-completion-cpu-smoke-v2",
      "--run_id",
      "cifar100c-block-seed-0-causalramen-dev-cpu-n4-bs-4-blk-4-cfg-e238b33d10cb-prov-fast-data-6dbea801cbad",
      "--save_to",
      "/Users/admin/Documents/NB-Ramen/evidence/causal-ramen-completion-cpu-smoke-v2/cifar100c-block-seed-0-causalramen-dev-cpu-n4-bs-4-blk-4-cfg-e238b33d10cb-prov-fast-data-6dbea801cbad/results.csv",
      "--metric_window_size",
      "4",
      "--metric_window_stride",
      "4",
      "--artifact-provenance",
      "fast",
      "--max-eval-samples",
      "4",
      "--stream_block_size",
      "4",
      "--reference_trace",
      "/Users/admin/Documents/NB-Ramen/evidence/causal-ramen-completion-cpu-smoke-v2/cifar100c-block-seed-0-noadapt-dev-cpu-n4-bs-4-blk-4-cfg-98584622153d-prov-fast-data-6dbea801cbad/trace.jsonl"
    ]
  ],
  "execute": true,
  "outcomes": [
    {
      "run_id": "cifar100c-block-seed-0-noadapt-dev-cpu-n4-bs-4-blk-4-cfg-98584622153d-prov-fast-data-6dbea801cbad",
      "status": "skipped"
    },
    {
      "run_id": "cifar100c-block-seed-0-ramen-dev-cpu-n4-bs-4-blk-4-cfg-7098bd868b96-prov-fast-data-6dbea801cbad",
      "status": "skipped"
    },
    {
      "run_id": "cifar100c-block-seed-0-structuredatomicramen-dev-cpu-n4-bs-4-blk-4-cfg-e238b33d10cb-prov-fast-data-6dbea801cbad",
      "status": "skipped"
    },
    {
      "run_id": "cifar100c-block-seed-0-causalramen-dev-cpu-n4-bs-4-blk-4-cfg-e238b33d10cb-prov-fast-data-6dbea801cbad",
      "status": "skipped"
    }
  ],
  "runs": [
    {
      "artifact_provenance": "fast",
      "batch_size": 4,
      "config_data": {
        "lr": 1e-09,
        "optimizer": "signsgd"
      },
      "config_dir": "/Users/admin/Documents/NB-Ramen/cfg/smoke",
      "config_hash": "98584622153d",
      "config_path": "/Users/admin/Documents/NB-Ramen/cfg/smoke/default/NoAdapt.yaml",
      "data_root": "/Users/admin/data",
      "dataset": "CIFAR100C",
      "device": "cpu",
      "evidence_dir": "/Users/admin/Documents/NB-Ramen/evidence/causal-ramen-completion-cpu-smoke-v2",
      "max_eval_samples": 4,
      "method": "NoAdapt",
      "metric_window_size": 4,
      "metric_window_stride": 4,
      "model": "clip_vitbase16",
      "reference_trace": null,
      "run_dir": "/Users/admin/Documents/NB-Ramen/evidence/causal-ramen-completion-cpu-smoke-v2/cifar100c-block-seed-0-noadapt-dev-cpu-n4-bs-4-blk-4-cfg-98584622153d-prov-fast-data-6dbea801cbad",
      "run_id": "cifar100c-block-seed-0-noadapt-dev-cpu-n4-bs-4-blk-4-cfg-98584622153d-prov-fast-data-6dbea801cbad",
      "seed": 0,
      "stream_block_size": 4,
      "stream_mode": "block"
    },
    {
      "artifact_provenance": "fast",
      "batch_size": 4,
      "config_data": {
        "beta": 5.0,
        "lr": 0.01,
        "max_capacity": 4,
        "optimizer": "signsgd",
        "topk": 2
      },
      "config_dir": "/Users/admin/Documents/NB-Ramen/cfg/smoke",
      "config_hash": "7098bd868b96",
      "config_path": "/Users/admin/Documents/NB-Ramen/cfg/smoke/CIFAR100C/Ramen.yaml",
      "data_root": "/Users/admin/data",
      "dataset": "CIFAR100C",
      "device": "cpu",
      "evidence_dir": "/Users/admin/Documents/NB-Ramen/evidence/causal-ramen-completion-cpu-smoke-v2",
      "max_eval_samples": 4,
      "method": "Ramen",
      "metric_window_size": 4,
      "metric_window_stride": 4,
      "model": "clip_vitbase16",
      "reference_trace": "/Users/admin/Documents/NB-Ramen/evidence/causal-ramen-completion-cpu-smoke-v2/cifar100c-block-seed-0-noadapt-dev-cpu-n4-bs-4-blk-4-cfg-98584622153d-prov-fast-data-6dbea801cbad/trace.jsonl",
      "run_dir": "/Users/admin/Documents/NB-Ramen/evidence/causal-ramen-completion-cpu-smoke-v2/cifar100c-block-seed-0-ramen-dev-cpu-n4-bs-4-blk-4-cfg-7098bd868b96-prov-fast-data-6dbea801cbad",
      "run_id": "cifar100c-block-seed-0-ramen-dev-cpu-n4-bs-4-blk-4-cfg-7098bd868b96-prov-fast-data-6dbea801cbad",
      "seed": 0,
      "stream_block_size": 4,
      "stream_mode": "block"
    },
    {
      "artifact_provenance": "fast",
      "batch_size": 4,
      "config_data": {
        "beta": 5.0,
        "capacity_scope": "per_class",
        "include_current": true,
        "lr": 0.01,
        "max_capacity": 4,
        "optimizer": "signsgd",
        "topk": 2
      },
      "config_dir": "/Users/admin/Documents/NB-Ramen/cfg/smoke",
      "config_hash": "e238b33d10cb",
      "config_path": "/Users/admin/Documents/NB-Ramen/cfg/smoke/CIFAR100C/StructuredAtomicRamen.yaml",
      "data_root": "/Users/admin/data",
      "dataset": "CIFAR100C",
      "device": "cpu",
      "evidence_dir": "/Users/admin/Documents/NB-Ramen/evidence/causal-ramen-completion-cpu-smoke-v2",
      "max_eval_samples": 4,
      "method": "StructuredAtomicRamen",
      "metric_window_size": 4,
      "metric_window_stride": 4,
      "model": "clip_vitbase16",
      "reference_trace": "/Users/admin/Documents/NB-Ramen/evidence/causal-ramen-completion-cpu-smoke-v2/cifar100c-block-seed-0-noadapt-dev-cpu-n4-bs-4-blk-4-cfg-98584622153d-prov-fast-data-6dbea801cbad/trace.jsonl",
      "run_dir": "/Users/admin/Documents/NB-Ramen/evidence/causal-ramen-completion-cpu-smoke-v2/cifar100c-block-seed-0-structuredatomicramen-dev-cpu-n4-bs-4-blk-4-cfg-e238b33d10cb-prov-fast-data-6dbea801cbad",
      "run_id": "cifar100c-block-seed-0-structuredatomicramen-dev-cpu-n4-bs-4-blk-4-cfg-e238b33d10cb-prov-fast-data-6dbea801cbad",
      "seed": 0,
      "stream_block_size": 4,
      "stream_mode": "block"
    },
    {
      "artifact_provenance": "fast",
      "batch_size": 4,
      "config_data": {
        "beta": 5.0,
        "capacity_scope": "per_class",
        "include_current": true,
        "lr": 0.01,
        "max_capacity": 4,
        "optimizer": "signsgd",
        "topk": 2
      },
      "config_dir": "/Users/admin/Documents/NB-Ramen/cfg/smoke",
      "config_hash": "e238b33d10cb",
      "config_path": "/Users/admin/Documents/NB-Ramen/cfg/smoke/CIFAR100C/CausalRamen.yaml",
      "data_root": "/Users/admin/data",
      "dataset": "CIFAR100C",
      "device": "cpu",
      "evidence_dir": "/Users/admin/Documents/NB-Ramen/evidence/causal-ramen-completion-cpu-smoke-v2",
      "max_eval_samples": 4,
      "method": "CausalRamen",
      "metric_window_size": 4,
      "metric_window_stride": 4,
      "model": "clip_vitbase16",
      "reference_trace": "/Users/admin/Documents/NB-Ramen/evidence/causal-ramen-completion-cpu-smoke-v2/cifar100c-block-seed-0-noadapt-dev-cpu-n4-bs-4-blk-4-cfg-98584622153d-prov-fast-data-6dbea801cbad/trace.jsonl",
      "run_dir": "/Users/admin/Documents/NB-Ramen/evidence/causal-ramen-completion-cpu-smoke-v2/cifar100c-block-seed-0-causalramen-dev-cpu-n4-bs-4-blk-4-cfg-e238b33d10cb-prov-fast-data-6dbea801cbad",
      "run_id": "cifar100c-block-seed-0-causalramen-dev-cpu-n4-bs-4-blk-4-cfg-e238b33d10cb-prov-fast-data-6dbea801cbad",
      "seed": 0,
      "stream_block_size": 4,
      "stream_mode": "block"
    }
  ]
}
resume_exit=0
