Loading config from /Users/admin/Documents/NB-Ramen/cfg/smoke/default/NoAdapt.yaml
--------------------------------------------------------------------------------
Namespace(dataset='CIFAR100C', data_root='/Users/admin/data', artifact_provenance='fast', tta_mode='mixed', model='clip_vitbase16', use_tbn=False, tta_algo='NoAdapt', batch_size=4, num_workers=0, seed=0, cuda=False, device_request='cpu', num_threads=4, config={'optimizer': 'signsgd', 'lr': 1e-09}, save_to='/Users/admin/Documents/NB-Ramen/evidence/causal-ramen-completion-cpu-smoke-v2/cifar100c-block-seed-0-noadapt-dev-cpu-n4-bs-4-blk-4-cfg-98584622153d-prov-fast-data-6dbea801cbad/results.csv', stream_mode='block', legacy_mixed_order=False, stream_seed=0, stream_domain_weights=None, stream_block_size=4, stream_gradual_sharpness=4.0, stream_sample_budget=None, max_eval_samples=4, stream_novel_domain_idx=None, stream_novel_release_fraction=0.5, stream_correlation_strength=0.9, stream_burst_size=None, run_id='cifar100c-block-seed-0-noadapt-dev-cpu-n4-bs-4-blk-4-cfg-98584622153d-prov-fast-data-6dbea801cbad', evidence_dir='/Users/admin/Documents/NB-Ramen/evidence/causal-ramen-completion-cpu-smoke-v2', reference_trace=None, metric_window_size=4, metric_window_stride=4, device=device(type='cpu'), config_dir='/Users/admin/Documents/NB-Ramen/cfg/smoke', config_path='/Users/admin/Documents/NB-Ramen/cfg/smoke/default/NoAdapt.yaml', max_batch_size=4)
--------------------------------------------------------------------------------
{'optimizer': 'signsgd', 'lr': 1e-09}
--------------------------------------------------------------------------------
Loading model...
Loading datasets...
dataset includes environments:
['gaussian_noise', 'shot_noise', 'impulse_noise', 'defocus_blur', 'glass_blur', 'motion_blur', 'zoom_blur', 'snow', 'frost', 'fog', 'brightness', 'contrast', 'elastic_transform', 'pixelate', 'jpeg_compression']
Initializing model
39936
  0%|          | 0/1 [00:00<?, ?it/s]100%|██████████| 1/1 [00:00<00:00,  3.53it/s]100%|██████████| 1/1 [00:00<00:00,  3.53it/s]
--------------------------------------------------------------------------------
gaussian_noise: nan%
shot_noise: nan%
impulse_noise: nan%
defocus_blur: nan%
glass_blur: nan%
motion_blur: nan%
zoom_blur: nan%
snow: nan%
frost: nan%
fog: nan%
brightness: nan%
contrast: nan%
elastic_transform: nan%
pixelate: 25.00%
jpeg_compression: nan%
--------------------------------------------------------------------------------
total: 25.00%
Loading config from /Users/admin/Documents/NB-Ramen/cfg/smoke/CIFAR100C/Ramen.yaml
--------------------------------------------------------------------------------
Namespace(dataset='CIFAR100C', data_root='/Users/admin/data', artifact_provenance='fast', tta_mode='mixed', model='clip_vitbase16', use_tbn=False, tta_algo='Ramen', batch_size=4, num_workers=0, seed=0, cuda=False, device_request='cpu', num_threads=4, config={'max_capacity': 4, 'topk': 2, 'beta': 5.0, 'optimizer': 'signsgd', 'lr': 0.01}, save_to='/Users/admin/Documents/NB-Ramen/evidence/causal-ramen-completion-cpu-smoke-v2/cifar100c-block-seed-0-ramen-dev-cpu-n4-bs-4-blk-4-cfg-7098bd868b96-prov-fast-data-6dbea801cbad/results.csv', stream_mode='block', legacy_mixed_order=False, stream_seed=0, stream_domain_weights=None, stream_block_size=4, stream_gradual_sharpness=4.0, stream_sample_budget=None, max_eval_samples=4, stream_novel_domain_idx=None, stream_novel_release_fraction=0.5, stream_correlation_strength=0.9, stream_burst_size=None, run_id='cifar100c-block-seed-0-ramen-dev-cpu-n4-bs-4-blk-4-cfg-7098bd868b96-prov-fast-data-6dbea801cbad', evidence_dir='/Users/admin/Documents/NB-Ramen/evidence/causal-ramen-completion-cpu-smoke-v2', reference_trace='/Users/admin/Documents/NB-Ramen/evidence/causal-ramen-completion-cpu-smoke-v2/cifar100c-block-seed-0-noadapt-dev-cpu-n4-bs-4-blk-4-cfg-98584622153d-prov-fast-data-6dbea801cbad/trace.jsonl', metric_window_size=4, metric_window_stride=4, device=device(type='cpu'), config_dir='/Users/admin/Documents/NB-Ramen/cfg/smoke', config_path='/Users/admin/Documents/NB-Ramen/cfg/smoke/CIFAR100C/Ramen.yaml', max_batch_size=4)
--------------------------------------------------------------------------------
{'max_capacity': 4, 'topk': 2, 'beta': 5.0, 'optimizer': 'signsgd', 'lr': 0.01}
--------------------------------------------------------------------------------
Loading model...
Loading datasets...
dataset includes environments:
['gaussian_noise', 'shot_noise', 'impulse_noise', 'defocus_blur', 'glass_blur', 'motion_blur', 'zoom_blur', 'snow', 'frost', 'fog', 'brightness', 'contrast', 'elastic_transform', 'pixelate', 'jpeg_compression']
Initializing model
  0%|          | 0/1 [00:00<?, ?it/s]100%|██████████| 1/1 [00:00<00:00,  1.06it/s]100%|██████████| 1/1 [00:00<00:00,  1.06it/s]
--------------------------------------------------------------------------------
gaussian_noise: nan%
shot_noise: nan%
impulse_noise: nan%
defocus_blur: nan%
glass_blur: nan%
motion_blur: nan%
zoom_blur: nan%
snow: nan%
frost: nan%
fog: nan%
brightness: nan%
contrast: nan%
elastic_transform: nan%
pixelate: 50.00%
jpeg_compression: nan%
--------------------------------------------------------------------------------
total: 50.00%
Loading config from /Users/admin/Documents/NB-Ramen/cfg/smoke/CIFAR100C/StructuredAtomicRamen.yaml
--------------------------------------------------------------------------------
Namespace(dataset='CIFAR100C', data_root='/Users/admin/data', artifact_provenance='fast', tta_mode='mixed', model='clip_vitbase16', use_tbn=False, tta_algo='StructuredAtomicRamen', batch_size=4, num_workers=0, seed=0, cuda=False, device_request='cpu', num_threads=4, config={'max_capacity': 4, 'capacity_scope': 'per_class', 'topk': 2, 'beta': 5.0, 'include_current': True, 'optimizer': 'signsgd', 'lr': 0.01}, save_to='/Users/admin/Documents/NB-Ramen/evidence/causal-ramen-completion-cpu-smoke-v2/cifar100c-block-seed-0-structuredatomicramen-dev-cpu-n4-bs-4-blk-4-cfg-e238b33d10cb-prov-fast-data-6dbea801cbad/results.csv', stream_mode='block', legacy_mixed_order=False, stream_seed=0, stream_domain_weights=None, stream_block_size=4, stream_gradual_sharpness=4.0, stream_sample_budget=None, max_eval_samples=4, stream_novel_domain_idx=None, stream_novel_release_fraction=0.5, stream_correlation_strength=0.9, stream_burst_size=None, run_id='cifar100c-block-seed-0-structuredatomicramen-dev-cpu-n4-bs-4-blk-4-cfg-e238b33d10cb-prov-fast-data-6dbea801cbad', evidence_dir='/Users/admin/Documents/NB-Ramen/evidence/causal-ramen-completion-cpu-smoke-v2', reference_trace='/Users/admin/Documents/NB-Ramen/evidence/causal-ramen-completion-cpu-smoke-v2/cifar100c-block-seed-0-noadapt-dev-cpu-n4-bs-4-blk-4-cfg-98584622153d-prov-fast-data-6dbea801cbad/trace.jsonl', metric_window_size=4, metric_window_stride=4, device=device(type='cpu'), config_dir='/Users/admin/Documents/NB-Ramen/cfg/smoke', config_path='/Users/admin/Documents/NB-Ramen/cfg/smoke/CIFAR100C/StructuredAtomicRamen.yaml', max_batch_size=4)
--------------------------------------------------------------------------------
{'max_capacity': 4, 'capacity_scope': 'per_class', 'topk': 2, 'beta': 5.0, 'include_current': True, 'optimizer': 'signsgd', 'lr': 0.01}
--------------------------------------------------------------------------------
Loading model...
Loading datasets...
dataset includes environments:
['gaussian_noise', 'shot_noise', 'impulse_noise', 'defocus_blur', 'glass_blur', 'motion_blur', 'zoom_blur', 'snow', 'frost', 'fog', 'brightness', 'contrast', 'elastic_transform', 'pixelate', 'jpeg_compression']
Initializing model
  0%|          | 0/1 [00:00<?, ?it/s]100%|██████████| 1/1 [00:00<00:00,  1.02it/s]100%|██████████| 1/1 [00:00<00:00,  1.02it/s]
--------------------------------------------------------------------------------
gaussian_noise: nan%
shot_noise: nan%
impulse_noise: nan%
defocus_blur: nan%
glass_blur: nan%
motion_blur: nan%
zoom_blur: nan%
snow: nan%
frost: nan%
fog: nan%
brightness: nan%
contrast: nan%
elastic_transform: nan%
pixelate: 50.00%
jpeg_compression: nan%
--------------------------------------------------------------------------------
total: 50.00%
Loading config from /Users/admin/Documents/NB-Ramen/cfg/smoke/CIFAR100C/CausalRamen.yaml
--------------------------------------------------------------------------------
Namespace(dataset='CIFAR100C', data_root='/Users/admin/data', artifact_provenance='fast', tta_mode='mixed', model='clip_vitbase16', use_tbn=False, tta_algo='CausalRamen', batch_size=4, num_workers=0, seed=0, cuda=False, device_request='cpu', num_threads=4, config={'max_capacity': 4, 'capacity_scope': 'per_class', 'topk': 2, 'beta': 5.0, 'include_current': True, 'optimizer': 'signsgd', 'lr': 0.01}, save_to='/Users/admin/Documents/NB-Ramen/evidence/causal-ramen-completion-cpu-smoke-v2/cifar100c-block-seed-0-causalramen-dev-cpu-n4-bs-4-blk-4-cfg-e238b33d10cb-prov-fast-data-6dbea801cbad/results.csv', stream_mode='block', legacy_mixed_order=False, stream_seed=0, stream_domain_weights=None, stream_block_size=4, stream_gradual_sharpness=4.0, stream_sample_budget=None, max_eval_samples=4, stream_novel_domain_idx=None, stream_novel_release_fraction=0.5, stream_correlation_strength=0.9, stream_burst_size=None, run_id='cifar100c-block-seed-0-causalramen-dev-cpu-n4-bs-4-blk-4-cfg-e238b33d10cb-prov-fast-data-6dbea801cbad', evidence_dir='/Users/admin/Documents/NB-Ramen/evidence/causal-ramen-completion-cpu-smoke-v2', reference_trace='/Users/admin/Documents/NB-Ramen/evidence/causal-ramen-completion-cpu-smoke-v2/cifar100c-block-seed-0-noadapt-dev-cpu-n4-bs-4-blk-4-cfg-98584622153d-prov-fast-data-6dbea801cbad/trace.jsonl', metric_window_size=4, metric_window_stride=4, device=device(type='cpu'), config_dir='/Users/admin/Documents/NB-Ramen/cfg/smoke', config_path='/Users/admin/Documents/NB-Ramen/cfg/smoke/CIFAR100C/CausalRamen.yaml', max_batch_size=4)
--------------------------------------------------------------------------------
{'max_capacity': 4, 'capacity_scope': 'per_class', 'topk': 2, 'beta': 5.0, 'include_current': True, 'optimizer': 'signsgd', 'lr': 0.01}
--------------------------------------------------------------------------------
Loading model...
Loading datasets...
dataset includes environments:
['gaussian_noise', 'shot_noise', 'impulse_noise', 'defocus_blur', 'glass_blur', 'motion_blur', 'zoom_blur', 'snow', 'frost', 'fog', 'brightness', 'contrast', 'elastic_transform', 'pixelate', 'jpeg_compression']
Initializing model
  0%|          | 0/1 [00:00<?, ?it/s]100%|██████████| 1/1 [00:01<00:00,  1.04s/it]100%|██████████| 1/1 [00:01<00:00,  1.04s/it]
--------------------------------------------------------------------------------
gaussian_noise: nan%
shot_noise: nan%
impulse_noise: nan%
defocus_blur: nan%
glass_blur: nan%
motion_blur: nan%
zoom_blur: nan%
snow: nan%
frost: nan%
fog: nan%
brightness: nan%
contrast: nan%
elastic_transform: nan%
pixelate: 50.00%
jpeg_compression: nan%
--------------------------------------------------------------------------------
total: 50.00%
{
  "commands": [
    [
      "/Users/admin/miniconda3/envs/nb-ramen/bin/python3.11",
      "/Users/admin/Documents/NB-Ramen/src/main.py",
      "--dataset",
      "CIFAR100C",
      "--model",
      "clip_vitbase16",
      "--tta_algo",
      "NoAdapt",
      "--tta_mode",
      "mixed",
      "--batch_size",
      "4",
      "--seed",
      "0",
      "--stream_mode",
      "block",
      "--stream_seed",
      "0",
      "--device",
      "cpu",
      "--data_root",
      "/Users/admin/data",
      "--config",
      "/Users/admin/Documents/NB-Ramen/cfg/smoke",
      "--evidence_dir",
      "/Users/admin/Documents/NB-Ramen/evidence/causal-ramen-completion-cpu-smoke-v2",
      "--run_id",
      "cifar100c-block-seed-0-noadapt-dev-cpu-n4-bs-4-blk-4-cfg-98584622153d-prov-fast-data-6dbea801cbad",
      "--save_to",
      "/Users/admin/Documents/NB-Ramen/evidence/causal-ramen-completion-cpu-smoke-v2/cifar100c-block-seed-0-noadapt-dev-cpu-n4-bs-4-blk-4-cfg-98584622153d-prov-fast-data-6dbea801cbad/results.csv",
      "--metric_window_size",
      "4",
      "--metric_window_stride",
      "4",
      "--artifact-provenance",
      "fast",
      "--max-eval-samples",
      "4",
      "--stream_block_size",
      "4"
    ],
    [
      "/Users/admin/miniconda3/envs/nb-ramen/bin/python3.11",
      "/Users/admin/Documents/NB-Ramen/src/main.py",
      "--dataset",
      "CIFAR100C",
      "--model",
      "clip_vitbase16",
      "--tta_algo",
      "Ramen",
      "--tta_mode",
      "mixed",
      "--batch_size",
      "4",
      "--seed",
      "0",
      "--stream_mode",
      "block",
      "--stream_seed",
      "0",
      "--device",
      "cpu",
      "--data_root",
      "/Users/admin/data",
      "--config",
      "/Users/admin/Documents/NB-Ramen/cfg/smoke",
      "--evidence_dir",
      "/Users/admin/Documents/NB-Ramen/evidence/causal-ramen-completion-cpu-smoke-v2",
      "--run_id",
      "cifar100c-block-seed-0-ramen-dev-cpu-n4-bs-4-blk-4-cfg-7098bd868b96-prov-fast-data-6dbea801cbad",
      "--save_to",
      "/Users/admin/Documents/NB-Ramen/evidence/causal-ramen-completion-cpu-smoke-v2/cifar100c-block-seed-0-ramen-dev-cpu-n4-bs-4-blk-4-cfg-7098bd868b96-prov-fast-data-6dbea801cbad/results.csv",
      "--metric_window_size",
      "4",
      "--metric_window_stride",
      "4",
      "--artifact-provenance",
      "fast",
      "--max-eval-samples",
      "4",
      "--stream_block_size",
      "4",
      "--reference_trace",
      "/Users/admin/Documents/NB-Ramen/evidence/causal-ramen-completion-cpu-smoke-v2/cifar100c-block-seed-0-noadapt-dev-cpu-n4-bs-4-blk-4-cfg-98584622153d-prov-fast-data-6dbea801cbad/trace.jsonl"
    ],
    [
      "/Users/admin/miniconda3/envs/nb-ramen/bin/python3.11",
      "/Users/admin/Documents/NB-Ramen/src/main.py",
      "--dataset",
      "CIFAR100C",
      "--model",
      "clip_vitbase16",
      "--tta_algo",
      "StructuredAtomicRamen",
      "--tta_mode",
      "mixed",
      "--batch_size",
      "4",
      "--seed",
      "0",
      "--stream_mode",
      "block",
      "--stream_seed",
      "0",
      "--device",
      "cpu",
      "--data_root",
      "/Users/admin/data",
      "--config",
      "/Users/admin/Documents/NB-Ramen/cfg/smoke",
      "--evidence_dir",
      "/Users/admin/Documents/NB-Ramen/evidence/causal-ramen-completion-cpu-smoke-v2",
      "--run_id",
      "cifar100c-block-seed-0-structuredatomicramen-dev-cpu-n4-bs-4-blk-4-cfg-e238b33d10cb-prov-fast-data-6dbea801cbad",
      "--save_to",
      "/Users/admin/Documents/NB-Ramen/evidence/causal-ramen-completion-cpu-smoke-v2/cifar100c-block-seed-0-structuredatomicramen-dev-cpu-n4-bs-4-blk-4-cfg-e238b33d10cb-prov-fast-data-6dbea801cbad/results.csv",
      "--metric_window_size",
      "4",
      "--metric_window_stride",
      "4",
      "--artifact-provenance",
      "fast",
      "--max-eval-samples",
      "4",
      "--stream_block_size",
      "4",
      "--reference_trace",
      "/Users/admin/Documents/NB-Ramen/evidence/causal-ramen-completion-cpu-smoke-v2/cifar100c-block-seed-0-noadapt-dev-cpu-n4-bs-4-blk-4-cfg-98584622153d-prov-fast-data-6dbea801cbad/trace.jsonl"
    ],
    [
      "/Users/admin/miniconda3/envs/nb-ramen/bin/python3.11",
      "/Users/admin/Documents/NB-Ramen/src/main.py",
      "--dataset",
      "CIFAR100C",
      "--model",
      "clip_vitbase16",
      "--tta_algo",
      "CausalRamen",
      "--tta_mode",
      "mixed",
      "--batch_size",
      "4",
      "--seed",
      "0",
      "--stream_mode",
      "block",
      "--stream_seed",
      "0",
      "--device",
      "cpu",
      "--data_root",
      "/Users/admin/data",
      "--config",
      "/Users/admin/Documents/NB-Ramen/cfg/smoke",
      "--evidence_dir",
      "/Users/admin/Documents/NB-Ramen/evidence/causal-ramen-completion-cpu-smoke-v2",
      "--run_id",
      "cifar100c-block-seed-0-causalramen-dev-cpu-n4-bs-4-blk-4-cfg-e238b33d10cb-prov-fast-data-6dbea801cbad",
      "--save_to",
      "/Users/admin/Documents/NB-Ramen/evidence/causal-ramen-completion-cpu-smoke-v2/cifar100c-block-seed-0-causalramen-dev-cpu-n4-bs-4-blk-4-cfg-e238b33d10cb-prov-fast-data-6dbea801cbad/results.csv",
      "--metric_window_size",
      "4",
      "--metric_window_stride",
      "4",
      "--artifact-provenance",
      "fast",
      "--max-eval-samples",
      "4",
      "--stream_block_size",
      "4",
      "--reference_trace",
      "/Users/admin/Documents/NB-Ramen/evidence/causal-ramen-completion-cpu-smoke-v2/cifar100c-block-seed-0-noadapt-dev-cpu-n4-bs-4-blk-4-cfg-98584622153d-prov-fast-data-6dbea801cbad/trace.jsonl"
    ]
  ],
  "execute": true,
  "outcomes": [
    {
      "run_id": "cifar100c-block-seed-0-noadapt-dev-cpu-n4-bs-4-blk-4-cfg-98584622153d-prov-fast-data-6dbea801cbad",
      "status": "executed"
    },
    {
      "run_id": "cifar100c-block-seed-0-ramen-dev-cpu-n4-bs-4-blk-4-cfg-7098bd868b96-prov-fast-data-6dbea801cbad",
      "status": "executed"
    },
    {
      "run_id": "cifar100c-block-seed-0-structuredatomicramen-dev-cpu-n4-bs-4-blk-4-cfg-e238b33d10cb-prov-fast-data-6dbea801cbad",
      "status": "executed"
    },
    {
      "run_id": "cifar100c-block-seed-0-causalramen-dev-cpu-n4-bs-4-blk-4-cfg-e238b33d10cb-prov-fast-data-6dbea801cbad",
      "status": "executed"
    }
  ],
  "runs": [
    {
      "artifact_provenance": "fast",
      "batch_size": 4,
      "config_data": {
        "lr": 1e-09,
        "optimizer": "signsgd"
      },
      "config_dir": "/Users/admin/Documents/NB-Ramen/cfg/smoke",
      "config_hash": "98584622153d",
      "config_path": "/Users/admin/Documents/NB-Ramen/cfg/smoke/default/NoAdapt.yaml",
      "data_root": "/Users/admin/data",
      "dataset": "CIFAR100C",
      "device": "cpu",
      "evidence_dir": "/Users/admin/Documents/NB-Ramen/evidence/causal-ramen-completion-cpu-smoke-v2",
      "max_eval_samples": 4,
      "method": "NoAdapt",
      "metric_window_size": 4,
      "metric_window_stride": 4,
      "model": "clip_vitbase16",
      "reference_trace": null,
      "run_dir": "/Users/admin/Documents/NB-Ramen/evidence/causal-ramen-completion-cpu-smoke-v2/cifar100c-block-seed-0-noadapt-dev-cpu-n4-bs-4-blk-4-cfg-98584622153d-prov-fast-data-6dbea801cbad",
      "run_id": "cifar100c-block-seed-0-noadapt-dev-cpu-n4-bs-4-blk-4-cfg-98584622153d-prov-fast-data-6dbea801cbad",
      "seed": 0,
      "stream_block_size": 4,
      "stream_mode": "block"
    },
    {
      "artifact_provenance": "fast",
      "batch_size": 4,
      "config_data": {
        "beta": 5.0,
        "lr": 0.01,
        "max_capacity": 4,
        "optimizer": "signsgd",
        "topk": 2
      },
      "config_dir": "/Users/admin/Documents/NB-Ramen/cfg/smoke",
      "config_hash": "7098bd868b96",
      "config_path": "/Users/admin/Documents/NB-Ramen/cfg/smoke/CIFAR100C/Ramen.yaml",
      "data_root": "/Users/admin/data",
      "dataset": "CIFAR100C",
      "device": "cpu",
      "evidence_dir": "/Users/admin/Documents/NB-Ramen/evidence/causal-ramen-completion-cpu-smoke-v2",
      "max_eval_samples": 4,
      "method": "Ramen",
      "metric_window_size": 4,
      "metric_window_stride": 4,
      "model": "clip_vitbase16",
      "reference_trace": "/Users/admin/Documents/NB-Ramen/evidence/causal-ramen-completion-cpu-smoke-v2/cifar100c-block-seed-0-noadapt-dev-cpu-n4-bs-4-blk-4-cfg-98584622153d-prov-fast-data-6dbea801cbad/trace.jsonl",
      "run_dir": "/Users/admin/Documents/NB-Ramen/evidence/causal-ramen-completion-cpu-smoke-v2/cifar100c-block-seed-0-ramen-dev-cpu-n4-bs-4-blk-4-cfg-7098bd868b96-prov-fast-data-6dbea801cbad",
      "run_id": "cifar100c-block-seed-0-ramen-dev-cpu-n4-bs-4-blk-4-cfg-7098bd868b96-prov-fast-data-6dbea801cbad",
      "seed": 0,
      "stream_block_size": 4,
      "stream_mode": "block"
    },
    {
      "artifact_provenance": "fast",
      "batch_size": 4,
      "config_data": {
        "beta": 5.0,
        "capacity_scope": "per_class",
        "include_current": true,
        "lr": 0.01,
        "max_capacity": 4,
        "optimizer": "signsgd",
        "topk": 2
      },
      "config_dir": "/Users/admin/Documents/NB-Ramen/cfg/smoke",
      "config_hash": "e238b33d10cb",
      "config_path": "/Users/admin/Documents/NB-Ramen/cfg/smoke/CIFAR100C/StructuredAtomicRamen.yaml",
      "data_root": "/Users/admin/data",
      "dataset": "CIFAR100C",
      "device": "cpu",
      "evidence_dir": "/Users/admin/Documents/NB-Ramen/evidence/causal-ramen-completion-cpu-smoke-v2",
      "max_eval_samples": 4,
      "method": "StructuredAtomicRamen",
      "metric_window_size": 4,
      "metric_window_stride": 4,
      "model": "clip_vitbase16",
      "reference_trace": "/Users/admin/Documents/NB-Ramen/evidence/causal-ramen-completion-cpu-smoke-v2/cifar100c-block-seed-0-noadapt-dev-cpu-n4-bs-4-blk-4-cfg-98584622153d-prov-fast-data-6dbea801cbad/trace.jsonl",
      "run_dir": "/Users/admin/Documents/NB-Ramen/evidence/causal-ramen-completion-cpu-smoke-v2/cifar100c-block-seed-0-structuredatomicramen-dev-cpu-n4-bs-4-blk-4-cfg-e238b33d10cb-prov-fast-data-6dbea801cbad",
      "run_id": "cifar100c-block-seed-0-structuredatomicramen-dev-cpu-n4-bs-4-blk-4-cfg-e238b33d10cb-prov-fast-data-6dbea801cbad",
      "seed": 0,
      "stream_block_size": 4,
      "stream_mode": "block"
    },
    {
      "artifact_provenance": "fast",
      "batch_size": 4,
      "config_data": {
        "beta": 5.0,
        "capacity_scope": "per_class",
        "include_current": true,
        "lr": 0.01,
        "max_capacity": 4,
        "optimizer": "signsgd",
        "topk": 2
      },
      "config_dir": "/Users/admin/Documents/NB-Ramen/cfg/smoke",
      "config_hash": "e238b33d10cb",
      "config_path": "/Users/admin/Documents/NB-Ramen/cfg/smoke/CIFAR100C/CausalRamen.yaml",
      "data_root": "/Users/admin/data",
      "dataset": "CIFAR100C",
      "device": "cpu",
      "evidence_dir": "/Users/admin/Documents/NB-Ramen/evidence/causal-ramen-completion-cpu-smoke-v2",
      "max_eval_samples": 4,
      "method": "CausalRamen",
      "metric_window_size": 4,
      "metric_window_stride": 4,
      "model": "clip_vitbase16",
      "reference_trace": "/Users/admin/Documents/NB-Ramen/evidence/causal-ramen-completion-cpu-smoke-v2/cifar100c-block-seed-0-noadapt-dev-cpu-n4-bs-4-blk-4-cfg-98584622153d-prov-fast-data-6dbea801cbad/trace.jsonl",
      "run_dir": "/Users/admin/Documents/NB-Ramen/evidence/causal-ramen-completion-cpu-smoke-v2/cifar100c-block-seed-0-causalramen-dev-cpu-n4-bs-4-blk-4-cfg-e238b33d10cb-prov-fast-data-6dbea801cbad",
      "run_id": "cifar100c-block-seed-0-causalramen-dev-cpu-n4-bs-4-blk-4-cfg-e238b33d10cb-prov-fast-data-6dbea801cbad",
      "seed": 0,
      "stream_block_size": 4,
      "stream_mode": "block"
    }
  ]
}
matrix_exit=0
